// Jest Snapshot v1, https://goo.gl/fbAQLP

exports[`Expenses with authentication GET /expenses should render expenses page 1`] = `"<!DOCTYPE html><html><head><title>Personal Budget</title><link rel=\\"stylesheet\\" href=\\"/stylesheets/style.css\\"><link rel=\\"stylesheet\\" href=\\"https://stackpath.bootstrapcdn.com/bootstrap/4.5.0/css/bootstrap.min.css\\" integrity=\\"sha384-9aIt2nRpC12Uk9gS9baDl411NQApFmC26EwAOH8WgZl5MYYxFfc+NcPb1dKGj7Sk\\" crossorigin=\\"anonymous\\"><link rel=\\"stylesheet\\" href=\\"https://use.fontawesome.com/releases/v5.7.0/css/all.css\\" crossorigin=\\"anonymous\\"></head><body class=\\"container\\"><nav class=\\"navbar navbar-expand-lg navbar-dark bg-dark\\"><a class=\\"navbar-brand\\" href=\\"/\\">Personal Budget</a><button class=\\"navbar-toggler\\" type=\\"button\\" data-toggle=\\"collapse\\" data-target=\\"#navbarSupportedContent\\" aria-controls=\\"navbarSupportedContent\\" aria-expanded=\\"false\\" aria-label=\\"Toggle navigation\\"><span class=\\"navbar-toggler-icon\\"></span></button><div class=\\"collapse navbar-collapse\\" id=\\"navbarSupportedContent\\"><ul class=\\"navbar-nav mr-auto\\"><li class=\\"nav-item\\"><a class=\\"nav-link\\" href=\\"/budgets\\">Budgets</a></li><li class=\\"nav-item active\\"><a class=\\"nav-link\\" href=\\"/expenses\\">Expenses</a></li></ul></div></nav><div class=\\"row\\"><h1 class=\\"mb-4 mt-3 col-md-9\\">Expenses<button class=\\"btn btn-primary addBtn\\" type=\\"button\\" data-target=\\"#addExpenseModal\\" data-toggle=\\"modal\\"><span class=\\"fas fa-plus\\"></span></button></h1><div class=\\"col-md-3 mb-4 mt-3\\"><div class=\\"input-group\\" style=\\"padding-top: 4%\\"><input class=\\"form-control\\" id=\\"expense-filter\\" type=\\"text\\" placeholder=\\"Budget Name\\" aria-label=\\"Budget Name\\" aria-describedby=\\"budget-name-filter\\"><div class=\\"input-group-append\\"><button class=\\"btn btn-outline-secondary\\" id=\\"budget-name-filter\\" type=\\"button\\" onclick=\\"filterExpenseOnBudgetName()\\">Filter</button></div></div></div></div><table class=\\"table\\"><thead><tr><th>Expense</th><th>Amount</th><th>Budget Line</th><th>Date</th><th>Action</th></tr></thead><tbody></tbody><tr><td>Cmax</td><td>41 €</td><td>Essence</td><td>2020-08-29</td><td> <button class=\\"btn btn-primary btn-sm mr-1\\" onclick=\\"editExpense(&quot;100&quot;)\\"><span class=\\"fas fa-pencil-alt\\"></span></button><button class=\\"btn btn-danger btn-sm\\" onclick=\\"deleteExpense(&quot;100&quot;)\\"><span class=\\"fas fa-trash-alt\\"></span></button></td></tr><tr><td>Ka+</td><td>30 €</td><td>Essence</td><td>2020-08-22</td><td> <button class=\\"btn btn-primary btn-sm mr-1\\" onclick=\\"editExpense(&quot;101&quot;)\\"><span class=\\"fas fa-pencil-alt\\"></span></button><button class=\\"btn btn-danger btn-sm\\" onclick=\\"deleteExpense(&quot;101&quot;)\\"><span class=\\"fas fa-trash-alt\\"></span></button></td></tr><tr><td>courses</td><td>61.45 €</td><td>Course</td><td>2020-10-08</td><td> <button class=\\"btn btn-primary btn-sm mr-1\\" onclick=\\"editExpense(&quot;200&quot;)\\"><span class=\\"fas fa-pencil-alt\\"></span></button><button class=\\"btn btn-danger btn-sm\\" onclick=\\"deleteExpense(&quot;200&quot;)\\"><span class=\\"fas fa-trash-alt\\"></span></button></td></tr></table><div class=\\"modal fade\\" id=\\"addExpenseModal\\"><div class=\\"modal-dialog\\"><div class=\\"modal-content\\"><div class=\\"modal-header\\"><h4 class=\\"modal-title\\">Add Expense</h4></div><div class=\\"modal-body\\"><form method=\\"POST\\" action=\\"/expenses\\"><div class=\\"form-group\\"><label for=\\"expenseName\\">Name</label><input class=\\"form-control\\" id=\\"expenseName\\" name=\\"name\\" type=\\"text\\" required><label for=\\"expenseAmount\\">Amount (€)</label><input class=\\"form-control\\" id=\\"expenseAmount\\" name=\\"amount\\" type=\\"number\\" step=\\"0.01\\" aria-describedby=\\"expenseAmountHelp\\" required><small class=\\"form-text text-muted\\" id=\\"expenseAmountHelp\\">Expense amount must be gretter than 0</small><label for=\\"expenseDate\\">Date</label><input class=\\"form-control\\" id=\\"expenseDate\\" name=\\"date\\" type=\\"date\\" required><label for=\\"budgetLine\\">Budget Line</label><select class=\\"custom-select\\" id=\\"budgetLine\\" name=\\"budgetlineId\\"><option value=\\"1\\">Electricité</option><option value=\\"2\\">Crédit voiture</option><option value=\\"3\\">Crédit immobilier</option><option value=\\"4\\">Essence</option><option value=\\"5\\">Assurance voiture</option><option value=\\"6\\">Alimentation</option><option value=\\"7\\">Animaux</option><option value=\\"8\\">Enfants</option></select></div><div class=\\"modal-footer\\"><button class=\\"btn btn-secondary\\" type=\\"button\\" data-dismiss=\\"modal\\">Cancel</button><button class=\\"btn btn-primary\\" type=\\"submit\\">Add</button></div></form></div></div></div></div><div class=\\"modal fade\\" id=\\"editExpenseModal\\"><div class=\\"modal-dialog\\"><div class=\\"modal-content\\"><div class=\\"modal-header\\"><h4 class=\\"modal-title\\">Edit Expense</h4></div><div class=\\"modal-body\\"><form id=\\"editExpenseForm\\" method=\\"POST\\"><div class=\\"form-group\\"><label for=\\"expenseNameEdit\\">Name</label><input class=\\"form-control\\" id=\\"expenseNameEdit\\" name=\\"name\\" type=\\"text\\"><label for=\\"expenseAmountEdit\\">Amount (€)</label><input class=\\"form-control\\" id=\\"expenseAmountEdit\\" name=\\"amount\\" type=\\"number\\" step=\\"0.01\\" aria-describedby=\\"expenseAmountHelp\\"><small class=\\"form-text text-muted\\" id=\\"expenseAmountHelpEdit\\">Expense amount must be gretter than 0</small><label for=\\"expenseDateEdit\\">Date</label><input class=\\"form-control\\" id=\\"expenseDateEdit\\" name=\\"date\\" type=\\"date\\"><label for=\\"budgetLineEdit\\">Budget Line</label><select class=\\"custom-select\\" id=\\"budgetLineEdit\\" name=\\"budgetlineId\\" disabled></select></div><div class=\\"modal-footer\\"><button class=\\"btn btn-secondary\\" type=\\"button\\" data-dismiss=\\"modal\\">Cancel</button><button class=\\"btn btn-primary\\" type=\\"submit\\">Edit</button></div></form></div></div></div></div></body><script src=\\"https://code.jquery.com/jquery-3.5.1.slim.min.js\\"></script><script src=\\"https://cdn.jsdelivr.net/npm/popper.js@1.16.1/dist/umd/popper.min.js\\"></script><script src=\\"https://stackpath.bootstrapcdn.com/bootstrap/4.5.2/js/bootstrap.min.js\\"></script><script src=\\"/javascripts/script.js\\"></script></html>"`;

exports[`Expenses with authentication GET /expenses/filter should render expenses filtered page 1`] = `"<!DOCTYPE html><html><head><title>Personal Budget</title><link rel=\\"stylesheet\\" href=\\"/stylesheets/style.css\\"><link rel=\\"stylesheet\\" href=\\"https://stackpath.bootstrapcdn.com/bootstrap/4.5.0/css/bootstrap.min.css\\" integrity=\\"sha384-9aIt2nRpC12Uk9gS9baDl411NQApFmC26EwAOH8WgZl5MYYxFfc+NcPb1dKGj7Sk\\" crossorigin=\\"anonymous\\"><link rel=\\"stylesheet\\" href=\\"https://use.fontawesome.com/releases/v5.7.0/css/all.css\\" crossorigin=\\"anonymous\\"></head><body class=\\"container\\"><nav class=\\"navbar navbar-expand-lg navbar-dark bg-dark\\"><a class=\\"navbar-brand\\" href=\\"/\\">Personal Budget</a><button class=\\"navbar-toggler\\" type=\\"button\\" data-toggle=\\"collapse\\" data-target=\\"#navbarSupportedContent\\" aria-controls=\\"navbarSupportedContent\\" aria-expanded=\\"false\\" aria-label=\\"Toggle navigation\\"><span class=\\"navbar-toggler-icon\\"></span></button><div class=\\"collapse navbar-collapse\\" id=\\"navbarSupportedContent\\"><ul class=\\"navbar-nav mr-auto\\"><li class=\\"nav-item\\"><a class=\\"nav-link\\" href=\\"/budgets\\">Budgets</a></li><li class=\\"nav-item active\\"><a class=\\"nav-link\\" href=\\"/expenses\\">Expenses</a></li></ul></div></nav><div class=\\"row\\"><h1 class=\\"mb-4 mt-3 col-md-9\\">Expenses<button class=\\"btn btn-primary addBtn\\" type=\\"button\\" data-target=\\"#addExpenseModal\\" data-toggle=\\"modal\\"><span class=\\"fas fa-plus\\"></span></button></h1><div class=\\"col-md-3 mb-4 mt-3\\"><div class=\\"input-group\\" style=\\"padding-top: 4%\\"><input class=\\"form-control\\" id=\\"expense-filter\\" type=\\"text\\" placeholder=\\"Budget Name\\" aria-label=\\"Budget Name\\" aria-describedby=\\"budget-name-filter\\"><div class=\\"input-group-append\\"><button class=\\"btn btn-outline-secondary\\" id=\\"budget-name-filter\\" type=\\"button\\" onclick=\\"filterExpenseOnBudgetName()\\">Filter</button></div></div></div></div><table class=\\"table\\"><thead><tr><th>Expense</th><th>Amount</th><th>Budget Line</th><th>Date</th><th>Action</th></tr></thead><tbody></tbody><tr><td>Cmax</td><td>41 €</td><td>Essence</td><td>2020-08-29</td><td> <button class=\\"btn btn-primary btn-sm mr-1\\" onclick=\\"editExpense(&quot;100&quot;)\\"><span class=\\"fas fa-pencil-alt\\"></span></button><button class=\\"btn btn-danger btn-sm\\" onclick=\\"deleteExpense(&quot;100&quot;)\\"><span class=\\"fas fa-trash-alt\\"></span></button></td></tr><tr><td>Ka+</td><td>30 €</td><td>Essence</td><td>2020-08-22</td><td> <button class=\\"btn btn-primary btn-sm mr-1\\" onclick=\\"editExpense(&quot;101&quot;)\\"><span class=\\"fas fa-pencil-alt\\"></span></button><button class=\\"btn btn-danger btn-sm\\" onclick=\\"deleteExpense(&quot;101&quot;)\\"><span class=\\"fas fa-trash-alt\\"></span></button></td></tr></table><div class=\\"modal fade\\" id=\\"addExpenseModal\\"><div class=\\"modal-dialog\\"><div class=\\"modal-content\\"><div class=\\"modal-header\\"><h4 class=\\"modal-title\\">Add Expense</h4></div><div class=\\"modal-body\\"><form method=\\"POST\\" action=\\"/expenses\\"><div class=\\"form-group\\"><label for=\\"expenseName\\">Name</label><input class=\\"form-control\\" id=\\"expenseName\\" name=\\"name\\" type=\\"text\\" required><label for=\\"expenseAmount\\">Amount (€)</label><input class=\\"form-control\\" id=\\"expenseAmount\\" name=\\"amount\\" type=\\"number\\" step=\\"0.01\\" aria-describedby=\\"expenseAmountHelp\\" required><small class=\\"form-text text-muted\\" id=\\"expenseAmountHelp\\">Expense amount must be gretter than 0</small><label for=\\"expenseDate\\">Date</label><input class=\\"form-control\\" id=\\"expenseDate\\" name=\\"date\\" type=\\"date\\" required><label for=\\"budgetLine\\">Budget Line</label><select class=\\"custom-select\\" id=\\"budgetLine\\" name=\\"budgetlineId\\"><option value=\\"1\\">Electricité</option><option value=\\"2\\">Crédit voiture</option><option value=\\"3\\">Crédit immobilier</option><option value=\\"4\\">Essence</option><option value=\\"5\\">Assurance voiture</option><option value=\\"6\\">Alimentation</option><option value=\\"7\\">Animaux</option><option value=\\"8\\">Enfants</option></select></div><div class=\\"modal-footer\\"><button class=\\"btn btn-secondary\\" type=\\"button\\" data-dismiss=\\"modal\\">Cancel</button><button class=\\"btn btn-primary\\" type=\\"submit\\">Add</button></div></form></div></div></div></div><div class=\\"modal fade\\" id=\\"editExpenseModal\\"><div class=\\"modal-dialog\\"><div class=\\"modal-content\\"><div class=\\"modal-header\\"><h4 class=\\"modal-title\\">Edit Expense</h4></div><div class=\\"modal-body\\"><form id=\\"editExpenseForm\\" method=\\"POST\\"><div class=\\"form-group\\"><label for=\\"expenseNameEdit\\">Name</label><input class=\\"form-control\\" id=\\"expenseNameEdit\\" name=\\"name\\" type=\\"text\\"><label for=\\"expenseAmountEdit\\">Amount (€)</label><input class=\\"form-control\\" id=\\"expenseAmountEdit\\" name=\\"amount\\" type=\\"number\\" step=\\"0.01\\" aria-describedby=\\"expenseAmountHelp\\"><small class=\\"form-text text-muted\\" id=\\"expenseAmountHelpEdit\\">Expense amount must be gretter than 0</small><label for=\\"expenseDateEdit\\">Date</label><input class=\\"form-control\\" id=\\"expenseDateEdit\\" name=\\"date\\" type=\\"date\\"><label for=\\"budgetLineEdit\\">Budget Line</label><select class=\\"custom-select\\" id=\\"budgetLineEdit\\" name=\\"budgetlineId\\" disabled></select></div><div class=\\"modal-footer\\"><button class=\\"btn btn-secondary\\" type=\\"button\\" data-dismiss=\\"modal\\">Cancel</button><button class=\\"btn btn-primary\\" type=\\"submit\\">Edit</button></div></form></div></div></div></div></body><script src=\\"https://code.jquery.com/jquery-3.5.1.slim.min.js\\"></script><script src=\\"https://cdn.jsdelivr.net/npm/popper.js@1.16.1/dist/umd/popper.min.js\\"></script><script src=\\"https://stackpath.bootstrapcdn.com/bootstrap/4.5.2/js/bootstrap.min.js\\"></script><script src=\\"/javascripts/script.js\\"></script></html>"`;

exports[`Expenses with authentication PATCH /expenses should render expenses page 1`] = `"<!DOCTYPE html><html><head><title>Personal Budget</title><link rel=\\"stylesheet\\" href=\\"/stylesheets/style.css\\"><link rel=\\"stylesheet\\" href=\\"https://stackpath.bootstrapcdn.com/bootstrap/4.5.0/css/bootstrap.min.css\\" integrity=\\"sha384-9aIt2nRpC12Uk9gS9baDl411NQApFmC26EwAOH8WgZl5MYYxFfc+NcPb1dKGj7Sk\\" crossorigin=\\"anonymous\\"><link rel=\\"stylesheet\\" href=\\"https://use.fontawesome.com/releases/v5.7.0/css/all.css\\" crossorigin=\\"anonymous\\"></head><body class=\\"container\\"><nav class=\\"navbar navbar-expand-lg navbar-dark bg-dark\\"><a class=\\"navbar-brand\\" href=\\"/\\">Personal Budget</a><button class=\\"navbar-toggler\\" type=\\"button\\" data-toggle=\\"collapse\\" data-target=\\"#navbarSupportedContent\\" aria-controls=\\"navbarSupportedContent\\" aria-expanded=\\"false\\" aria-label=\\"Toggle navigation\\"><span class=\\"navbar-toggler-icon\\"></span></button><div class=\\"collapse navbar-collapse\\" id=\\"navbarSupportedContent\\"><ul class=\\"navbar-nav mr-auto\\"><li class=\\"nav-item\\"><a class=\\"nav-link\\" href=\\"/budgets\\">Budgets</a></li><li class=\\"nav-item active\\"><a class=\\"nav-link\\" href=\\"/expenses\\">Expenses</a></li></ul></div></nav><div class=\\"row\\"><h1 class=\\"mb-4 mt-3 col-md-9\\">Expenses<button class=\\"btn btn-primary addBtn\\" type=\\"button\\" data-target=\\"#addExpenseModal\\" data-toggle=\\"modal\\"><span class=\\"fas fa-plus\\"></span></button></h1><div class=\\"col-md-3 mb-4 mt-3\\"><div class=\\"input-group\\" style=\\"padding-top: 4%\\"><input class=\\"form-control\\" id=\\"expense-filter\\" type=\\"text\\" placeholder=\\"Budget Name\\" aria-label=\\"Budget Name\\" aria-describedby=\\"budget-name-filter\\"><div class=\\"input-group-append\\"><button class=\\"btn btn-outline-secondary\\" id=\\"budget-name-filter\\" type=\\"button\\" onclick=\\"filterExpenseOnBudgetName()\\">Filter</button></div></div></div></div><table class=\\"table\\"><thead><tr><th>Expense</th><th>Amount</th><th>Budget Line</th><th>Date</th><th>Action</th></tr></thead><tbody></tbody><tr><td>Cmax</td><td>100 €</td><td>Essence</td><td>2020-08-29</td><td> <button class=\\"btn btn-primary btn-sm mr-1\\" onclick=\\"editExpense(&quot;100&quot;)\\"><span class=\\"fas fa-pencil-alt\\"></span></button><button class=\\"btn btn-danger btn-sm\\" onclick=\\"deleteExpense(&quot;100&quot;)\\"><span class=\\"fas fa-trash-alt\\"></span></button></td></tr><tr><td>Ka+</td><td>30 €</td><td>Essence</td><td>2020-08-22</td><td> <button class=\\"btn btn-primary btn-sm mr-1\\" onclick=\\"editExpense(&quot;101&quot;)\\"><span class=\\"fas fa-pencil-alt\\"></span></button><button class=\\"btn btn-danger btn-sm\\" onclick=\\"deleteExpense(&quot;101&quot;)\\"><span class=\\"fas fa-trash-alt\\"></span></button></td></tr><tr><td>courses</td><td>61.45 €</td><td>Course</td><td>2020-10-08</td><td> <button class=\\"btn btn-primary btn-sm mr-1\\" onclick=\\"editExpense(&quot;200&quot;)\\"><span class=\\"fas fa-pencil-alt\\"></span></button><button class=\\"btn btn-danger btn-sm\\" onclick=\\"deleteExpense(&quot;200&quot;)\\"><span class=\\"fas fa-trash-alt\\"></span></button></td></tr></table><div class=\\"modal fade\\" id=\\"addExpenseModal\\"><div class=\\"modal-dialog\\"><div class=\\"modal-content\\"><div class=\\"modal-header\\"><h4 class=\\"modal-title\\">Add Expense</h4></div><div class=\\"modal-body\\"><form method=\\"POST\\" action=\\"/expenses\\"><div class=\\"form-group\\"><label for=\\"expenseName\\">Name</label><input class=\\"form-control\\" id=\\"expenseName\\" name=\\"name\\" type=\\"text\\" required><label for=\\"expenseAmount\\">Amount (€)</label><input class=\\"form-control\\" id=\\"expenseAmount\\" name=\\"amount\\" type=\\"number\\" step=\\"0.01\\" aria-describedby=\\"expenseAmountHelp\\" required><small class=\\"form-text text-muted\\" id=\\"expenseAmountHelp\\">Expense amount must be gretter than 0</small><label for=\\"expenseDate\\">Date</label><input class=\\"form-control\\" id=\\"expenseDate\\" name=\\"date\\" type=\\"date\\" required><label for=\\"budgetLine\\">Budget Line</label><select class=\\"custom-select\\" id=\\"budgetLine\\" name=\\"budgetlineId\\"><option value=\\"1\\">Electricité</option><option value=\\"2\\">Crédit voiture</option><option value=\\"3\\">Crédit immobilier</option><option value=\\"4\\">Essence</option><option value=\\"5\\">Assurance voiture</option><option value=\\"6\\">Alimentation</option><option value=\\"7\\">Animaux</option><option value=\\"8\\">Enfants</option></select></div><div class=\\"modal-footer\\"><button class=\\"btn btn-secondary\\" type=\\"button\\" data-dismiss=\\"modal\\">Cancel</button><button class=\\"btn btn-primary\\" type=\\"submit\\">Add</button></div></form></div></div></div></div><div class=\\"modal fade\\" id=\\"editExpenseModal\\"><div class=\\"modal-dialog\\"><div class=\\"modal-content\\"><div class=\\"modal-header\\"><h4 class=\\"modal-title\\">Edit Expense</h4></div><div class=\\"modal-body\\"><form id=\\"editExpenseForm\\" method=\\"POST\\"><div class=\\"form-group\\"><label for=\\"expenseNameEdit\\">Name</label><input class=\\"form-control\\" id=\\"expenseNameEdit\\" name=\\"name\\" type=\\"text\\"><label for=\\"expenseAmountEdit\\">Amount (€)</label><input class=\\"form-control\\" id=\\"expenseAmountEdit\\" name=\\"amount\\" type=\\"number\\" step=\\"0.01\\" aria-describedby=\\"expenseAmountHelp\\"><small class=\\"form-text text-muted\\" id=\\"expenseAmountHelpEdit\\">Expense amount must be gretter than 0</small><label for=\\"expenseDateEdit\\">Date</label><input class=\\"form-control\\" id=\\"expenseDateEdit\\" name=\\"date\\" type=\\"date\\"><label for=\\"budgetLineEdit\\">Budget Line</label><select class=\\"custom-select\\" id=\\"budgetLineEdit\\" name=\\"budgetlineId\\" disabled></select></div><div class=\\"modal-footer\\"><button class=\\"btn btn-secondary\\" type=\\"button\\" data-dismiss=\\"modal\\">Cancel</button><button class=\\"btn btn-primary\\" type=\\"submit\\">Edit</button></div></form></div></div></div></div></body><script src=\\"https://code.jquery.com/jquery-3.5.1.slim.min.js\\"></script><script src=\\"https://cdn.jsdelivr.net/npm/popper.js@1.16.1/dist/umd/popper.min.js\\"></script><script src=\\"https://stackpath.bootstrapcdn.com/bootstrap/4.5.2/js/bootstrap.min.js\\"></script><script src=\\"/javascripts/script.js\\"></script></html>"`;

exports[`Expenses without authentication GET /expenses should render home page 1`] = `"Unauthorized. Redirecting to /"`;

exports[`Expenses without authentication GET /expenses/filter should render the home page 1`] = `"Unauthorized. Redirecting to /"`;
