// Jest Snapshot v1, https://goo.gl/fbAQLP

exports[`/budget without authentication GET /budgets should render home page 1`] = `"Unauthorized. Redirecting to /"`;

exports[`/budget without authentication GET /budgets/:id should render home page 1`] = `"Unauthorized. Redirecting to /"`;

exports[`/budgets with authentication GET /budgets should render budgets page 1`] = `"<!DOCTYPE html><html><head><title>Personal Budget</title><link rel=\\"stylesheet\\" href=\\"/stylesheets/style.css\\"><link rel=\\"stylesheet\\" href=\\"https://stackpath.bootstrapcdn.com/bootstrap/4.5.0/css/bootstrap.min.css\\" integrity=\\"sha384-9aIt2nRpC12Uk9gS9baDl411NQApFmC26EwAOH8WgZl5MYYxFfc+NcPb1dKGj7Sk\\" crossorigin=\\"anonymous\\"><link rel=\\"stylesheet\\" href=\\"https://use.fontawesome.com/releases/v5.7.0/css/all.css\\" crossorigin=\\"anonymous\\"></head><body class=\\"container\\"><nav class=\\"navbar navbar-expand-lg navbar-dark bg-dark\\"><a class=\\"navbar-brand\\" href=\\"/\\">Personal Budget</a><button class=\\"navbar-toggler\\" type=\\"button\\" data-toggle=\\"collapse\\" data-target=\\"#navbarSupportedContent\\" aria-controls=\\"navbarSupportedContent\\" aria-expanded=\\"false\\" aria-label=\\"Toggle navigation\\"><span class=\\"navbar-toggler-icon\\"></span></button><div class=\\"collapse navbar-collapse\\" id=\\"navbarSupportedContent\\"><ul class=\\"navbar-nav mr-auto\\"><li class=\\"nav-item active\\"><a class=\\"nav-link\\" href=\\"/budgets\\">Budgets</a></li><li class=\\"nav-item\\"><a class=\\"nav-link\\" href=\\"/expenses\\">Expenses</a></li></ul></div></nav><div><h1 class=\\"mb-4 mt-3\\">Budgets<button class=\\"btn btn-primary addBtn\\" type=\\"button\\" data-target=\\"#addBudgetModal\\" data-toggle=\\"modal\\"><span class=\\"fas fa-plus\\"></span></button></h1></div><div class=\\"d-flex flex-row flex-wrap justify-content-between\\"><div class=\\"card budget-card mb-4\\"><div class=\\"card-body d-flex flex-column\\"><div class=\\"d-flex flex-row justify-content-between\\"><h5 class=\\"card-title\\">Electricité</h5><div>58€</div></div><span class=\\"badge badge-info align-self-start\\">undefined</span><p class=\\"card-text text-truncate\\">Dépenses liées au contrat d'électricité de la maison</p><a class=\\"btn btn-primary align-self-end mt-auto\\" href=\\"/budgets/1\\">Details</a></div></div><div class=\\"card budget-card mb-4\\"><div class=\\"card-body d-flex flex-column\\"><div class=\\"d-flex flex-row justify-content-between\\"><h5 class=\\"card-title\\">Crédit voiture</h5><div>369.89€</div></div><span class=\\"badge badge-info align-self-start\\">undefined</span><p class=\\"card-text text-truncate\\">Dépenses liées au crédit des voitures</p><a class=\\"btn btn-primary align-self-end mt-auto\\" href=\\"/budgets/2\\">Details</a></div></div><div class=\\"card budget-card mb-4\\"><div class=\\"card-body d-flex flex-column\\"><div class=\\"d-flex flex-row justify-content-between\\"><h5 class=\\"card-title\\">Crédit immobilier</h5><div>857.12€</div></div><span class=\\"badge badge-info align-self-start\\">undefined</span><p class=\\"card-text text-truncate\\">Dépenses liées au crédit de la maison</p><a class=\\"btn btn-primary align-self-end mt-auto\\" href=\\"/budgets/3\\">Details</a></div></div><div class=\\"card budget-card mb-4\\"><div class=\\"card-body d-flex flex-column\\"><div class=\\"d-flex flex-row justify-content-between\\"><h5 class=\\"card-title\\">Essence</h5><div>150€</div></div><span class=\\"badge badge-info align-self-start\\">undefined</span><p class=\\"card-text text-truncate\\">Dépenses concernant l'essence des voitures</p><a class=\\"btn btn-primary align-self-end mt-auto\\" href=\\"/budgets/4\\">Details</a></div></div><div class=\\"card budget-card mb-4\\"><div class=\\"card-body d-flex flex-column\\"><div class=\\"d-flex flex-row justify-content-between\\"><h5 class=\\"card-title\\">Assurance voiture</h5><div>127€</div></div><span class=\\"badge badge-info align-self-start\\">undefined</span><p class=\\"card-text text-truncate\\">Assurance des voitures</p><a class=\\"btn btn-primary align-self-end mt-auto\\" href=\\"/budgets/5\\">Details</a></div></div><div class=\\"card budget-card mb-4\\"><div class=\\"card-body d-flex flex-column\\"><div class=\\"d-flex flex-row justify-content-between\\"><h5 class=\\"card-title\\">Alimentation</h5><div>500€</div></div><span class=\\"badge badge-info align-self-start\\">undefined</span><p class=\\"card-text text-truncate\\">Dépenses concernant l'alimentation (boucher, laitier, primeur et supermarché)</p><a class=\\"btn btn-primary align-self-end mt-auto\\" href=\\"/budgets/6\\">Details</a></div></div><div class=\\"card budget-card mb-4\\"><div class=\\"card-body d-flex flex-column\\"><div class=\\"d-flex flex-row justify-content-between\\"><h5 class=\\"card-title\\">Animaux</h5><div>120€</div></div><span class=\\"badge badge-info align-self-start\\">undefined</span><p class=\\"card-text text-truncate\\">Dépenses pour les chats</p><a class=\\"btn btn-primary align-self-end mt-auto\\" href=\\"/budgets/7\\">Details</a></div></div><div class=\\"card budget-card mb-4\\"><div class=\\"card-body d-flex flex-column\\"><div class=\\"d-flex flex-row justify-content-between\\"><h5 class=\\"card-title\\">Enfants</h5><div>0€</div></div><span class=\\"badge badge-info align-self-start\\">undefined</span><p class=\\"card-text text-truncate\\"></p><a class=\\"btn btn-primary align-self-end mt-auto\\" href=\\"/budgets/8\\">Details</a></div></div><div class=\\"modal fade\\" id=\\"addBudgetModal\\"><div class=\\"modal-dialog\\"><div class=\\"modal-content\\"><div class=\\"modal-header\\"><h4 class=\\"modal-title\\">New Budget Line</h4></div><div class=\\"modal-body\\"><form method=\\"POST\\" action=\\"/budgets\\"><div class=\\"form-group\\"><label for=\\"budgetName\\">Name</label><input class=\\"form-control\\" id=\\"budgetName\\" name=\\"name\\" type=\\"text\\" aria-describedby=\\"budgetNameHelp\\" required><small class=\\"form-text text-muted\\" id=\\"budgetNameHelp\\">Budget line name must be unique</small><label for=\\"budgetAmount\\">Amount (€)</label><input class=\\"form-control\\" id=\\"budgetAmount\\" name=\\"amount\\" type=\\"number\\" step=\\"0.01\\" aria-describedby=\\"budgetAmountHelp\\" required><small class=\\"form-text text-muted\\" id=\\"budgetAmountHelp\\">Budget line amount must be gretter than 0</small><label for=\\"budgetDesc\\">Description</label><textarea class=\\"form-control\\" id=\\"budgetDesc\\" name=\\"description\\"></textarea><label for=\\"budgetCategory\\">Category</label><input class=\\"form-control\\" id=\\"budgetCategory\\" name=\\"category\\" type=\\"text\\" aria-describedby=\\"budgetCategoryHelp\\"><label for=\\"budgetTypeEdit\\">Type</label><select class=\\"form-control\\" id=\\"budgetTypeEdit\\" name=\\"type\\" aria-describedby=\\"budgetTypeEditHelp\\"><option class=\\"selected\\" value=\\"NORMAL\\">Normal</option><option value=\\"RESERVE\\">Réserve</option></select></div><div class=\\"modal-footer\\"><button class=\\"btn btn-secondary\\" type=\\"button\\" data-dismiss=\\"modal\\">Cancel</button><button class=\\"btn btn-primary\\" type=\\"submit\\">Add</button></div></form></div></div></div></div></div></body><script src=\\"https://code.jquery.com/jquery-3.5.1.slim.min.js\\"></script><script src=\\"https://cdn.jsdelivr.net/npm/popper.js@1.16.1/dist/umd/popper.min.js\\"></script><script src=\\"https://stackpath.bootstrapcdn.com/bootstrap/4.5.2/js/bootstrap.min.js\\"></script><script src=\\"/javascripts/script.js\\"></script></html>"`;

exports[`/budgets with authentication GET /budgets/:id should render budget details page 1`] = `"<!DOCTYPE html><html><head><title>Personal Budget</title><link rel=\\"stylesheet\\" href=\\"/stylesheets/style.css\\"><link rel=\\"stylesheet\\" href=\\"https://stackpath.bootstrapcdn.com/bootstrap/4.5.0/css/bootstrap.min.css\\" integrity=\\"sha384-9aIt2nRpC12Uk9gS9baDl411NQApFmC26EwAOH8WgZl5MYYxFfc+NcPb1dKGj7Sk\\" crossorigin=\\"anonymous\\"><link rel=\\"stylesheet\\" href=\\"https://use.fontawesome.com/releases/v5.7.0/css/all.css\\" crossorigin=\\"anonymous\\"></head><body class=\\"container\\"><nav class=\\"navbar navbar-expand-lg navbar-dark bg-dark\\"><a class=\\"navbar-brand\\" href=\\"/\\">Personal Budget</a><button class=\\"navbar-toggler\\" type=\\"button\\" data-toggle=\\"collapse\\" data-target=\\"#navbarSupportedContent\\" aria-controls=\\"navbarSupportedContent\\" aria-expanded=\\"false\\" aria-label=\\"Toggle navigation\\"><span class=\\"navbar-toggler-icon\\"></span></button><div class=\\"collapse navbar-collapse\\" id=\\"navbarSupportedContent\\"><ul class=\\"navbar-nav mr-auto\\"><li class=\\"nav-item\\"><a class=\\"nav-link\\" href=\\"/budgets\\">Budgets</a></li><li class=\\"nav-item\\"><a class=\\"nav-link\\" href=\\"/expenses\\">Expenses</a></li></ul></div></nav><h1 class=\\"mb-4 mt-3 col-md-9\\">Essence</h1><div class=\\"row\\"><div class=\\"col-12\\"></div><div class=\\"col-12\\">Dépenses concernant l'essence des voitures</div><div class=\\"col-10\\">Available: 79€</div><div class=\\"col-2 d-flex flex-row-reverse\\"><button class=\\"btn btn-danger btn-sm\\" onclick=\\"deleteBudgetLine(&quot;4&quot;)\\"><span class=\\"fas fa-trash-alt\\"></span></button><button class=\\"btn btn-primary btn-sm mr-1\\" data-target=\\"#editBudgetModal\\" data-toggle=\\"modal\\"><span class=\\"fas fa-pencil-alt\\"></span></button></div></div><table class=\\"table col-12 mt-2\\"><thead><tr><th>Expense</th><th>Amount</th><th>Date</th></tr></thead><tbody></tbody><tr><td>Cmax</td><td>41 €</td><td>2020-08-29</td></tr><tr><td>Ka+</td><td>30 €</td><td>2020-08-22</td></tr></table><div class=\\"modal fade\\" id=\\"editBudgetModal\\"><div class=\\"modal-dialog\\"><div class=\\"modal-content\\"><div class=\\"modal-header\\"><h4 class=\\"modal-title\\">Edit</h4></div><div class=\\"modal-body\\"><form method=\\"POST\\" action=\\"/budgets/4\\"><div class=\\"form-group\\"><label for=\\"budgetNameEdit\\">Name</label><input class=\\"form-control\\" id=\\"budgetNameEdit\\" name=\\"name\\" type=\\"text\\" value=\\"Essence\\" aria-describedby=\\"budgetNameEditHelp\\" required><small class=\\"form-text text-muted\\" id=\\"budgetNameEditHelp\\">Budget line name must be unique</small><label for=\\"budgetAmountEdit\\">Amount (€)</label><input class=\\"form-control\\" id=\\"budgetAmountEdit\\" name=\\"amount\\" type=\\"number\\" step=\\"0.01\\" value=\\"150\\" aria-describedby=\\"budgetAmountEditHelp\\" required><small class=\\"form-text text-muted\\" id=\\"budgetAmountEditHelp\\">Budget line amount must be gretter than 0</small><label for=\\"budgetDescEdit\\">Description</label><textarea class=\\"form-control\\" id=\\"budgetDescEdit\\" name=\\"description\\">Dépenses concernant l'essence des voitures</textarea><label for=\\"budgetCategoryEdit\\">Category</label><input class=\\"form-control\\" id=\\"budgetCategoryEdit\\" name=\\"category\\" type=\\"text\\" value=\\"undefined\\" aria-describedby=\\"budgetCategoryEditHelp\\"><label for=\\"budgetTypeEdit\\">Type</label><select class=\\"form-control\\" id=\\"budgetTypeEdit\\" name=\\"type\\" aria-describedby=\\"budgetTypeEditHelp\\" onchange=\\"budgetTypeChange()\\"><option class=\\"selected\\" value=\\"NORMAL\\">Normal</option><option value=\\"RESERVE\\">Réserve</option></select><div class=\\"form-group d-none\\" id=\\"reserveAttributes\\"><label for=\\"budgetAvailableEdit\\">Solde actuel (€)</label><input class=\\"form-control\\" id=\\"budgetAvailableEdit\\" name=\\"available\\" type=\\"number\\" step=\\"0.01\\" value=\\"79\\" aria-describedby=\\"budgetAvailableEditHelp\\"></div></div><div class=\\"modal-footer\\"><button class=\\"btn btn-secondary\\" type=\\"button\\" data-dismiss=\\"modal\\">Cancel</button><button class=\\"btn btn-primary\\" type=\\"submit\\">Edit</button></div></form></div></div></div></div></body><script src=\\"https://code.jquery.com/jquery-3.5.1.slim.min.js\\"></script><script src=\\"https://cdn.jsdelivr.net/npm/popper.js@1.16.1/dist/umd/popper.min.js\\"></script><script src=\\"https://stackpath.bootstrapcdn.com/bootstrap/4.5.2/js/bootstrap.min.js\\"></script><script src=\\"/javascripts/script.js\\"></script></html>"`;

exports[`/budgets with authentication POST /budgets/:id should render budget details page 1`] = `"<!DOCTYPE html><html><head><title>Personal Budget</title><link rel=\\"stylesheet\\" href=\\"/stylesheets/style.css\\"><link rel=\\"stylesheet\\" href=\\"https://stackpath.bootstrapcdn.com/bootstrap/4.5.0/css/bootstrap.min.css\\" integrity=\\"sha384-9aIt2nRpC12Uk9gS9baDl411NQApFmC26EwAOH8WgZl5MYYxFfc+NcPb1dKGj7Sk\\" crossorigin=\\"anonymous\\"><link rel=\\"stylesheet\\" href=\\"https://use.fontawesome.com/releases/v5.7.0/css/all.css\\" crossorigin=\\"anonymous\\"></head><body class=\\"container\\"><nav class=\\"navbar navbar-expand-lg navbar-dark bg-dark\\"><a class=\\"navbar-brand\\" href=\\"/\\">Personal Budget</a><button class=\\"navbar-toggler\\" type=\\"button\\" data-toggle=\\"collapse\\" data-target=\\"#navbarSupportedContent\\" aria-controls=\\"navbarSupportedContent\\" aria-expanded=\\"false\\" aria-label=\\"Toggle navigation\\"><span class=\\"navbar-toggler-icon\\"></span></button><div class=\\"collapse navbar-collapse\\" id=\\"navbarSupportedContent\\"><ul class=\\"navbar-nav mr-auto\\"><li class=\\"nav-item\\"><a class=\\"nav-link\\" href=\\"/budgets\\">Budgets</a></li><li class=\\"nav-item\\"><a class=\\"nav-link\\" href=\\"/expenses\\">Expenses</a></li></ul></div></nav><h1 class=\\"mb-4 mt-3 col-md-9\\">Essence</h1><div class=\\"row\\"><div class=\\"col-12\\"></div><div class=\\"col-12\\">Dépenses concernant l'essence des voitures</div><div class=\\"col-10\\">Available: 29€</div><div class=\\"col-2 d-flex flex-row-reverse\\"><button class=\\"btn btn-danger btn-sm\\" onclick=\\"deleteBudgetLine(&quot;4&quot;)\\"><span class=\\"fas fa-trash-alt\\"></span></button><button class=\\"btn btn-primary btn-sm mr-1\\" data-target=\\"#editBudgetModal\\" data-toggle=\\"modal\\"><span class=\\"fas fa-pencil-alt\\"></span></button></div></div><table class=\\"table col-12 mt-2\\"><thead><tr><th>Expense</th><th>Amount</th><th>Date</th></tr></thead><tbody></tbody><tr><td>Cmax</td><td>41 €</td><td>2020-08-29</td></tr><tr><td>Ka+</td><td>30 €</td><td>2020-08-22</td></tr></table><div class=\\"modal fade\\" id=\\"editBudgetModal\\"><div class=\\"modal-dialog\\"><div class=\\"modal-content\\"><div class=\\"modal-header\\"><h4 class=\\"modal-title\\">Edit</h4></div><div class=\\"modal-body\\"><form method=\\"POST\\" action=\\"/budgets/4\\"><div class=\\"form-group\\"><label for=\\"budgetNameEdit\\">Name</label><input class=\\"form-control\\" id=\\"budgetNameEdit\\" name=\\"name\\" type=\\"text\\" value=\\"Essence\\" aria-describedby=\\"budgetNameEditHelp\\" required><small class=\\"form-text text-muted\\" id=\\"budgetNameEditHelp\\">Budget line name must be unique</small><label for=\\"budgetAmountEdit\\">Amount (€)</label><input class=\\"form-control\\" id=\\"budgetAmountEdit\\" name=\\"amount\\" type=\\"number\\" step=\\"0.01\\" value=\\"100\\" aria-describedby=\\"budgetAmountEditHelp\\" required><small class=\\"form-text text-muted\\" id=\\"budgetAmountEditHelp\\">Budget line amount must be gretter than 0</small><label for=\\"budgetDescEdit\\">Description</label><textarea class=\\"form-control\\" id=\\"budgetDescEdit\\" name=\\"description\\">Dépenses concernant l'essence des voitures</textarea><label for=\\"budgetCategoryEdit\\">Category</label><input class=\\"form-control\\" id=\\"budgetCategoryEdit\\" name=\\"category\\" type=\\"text\\" value=\\"undefined\\" aria-describedby=\\"budgetCategoryEditHelp\\"><label for=\\"budgetTypeEdit\\">Type</label><select class=\\"form-control\\" id=\\"budgetTypeEdit\\" name=\\"type\\" aria-describedby=\\"budgetTypeEditHelp\\" onchange=\\"budgetTypeChange()\\"><option class=\\"selected\\" value=\\"NORMAL\\">Normal</option><option value=\\"RESERVE\\">Réserve</option></select><div class=\\"form-group d-none\\" id=\\"reserveAttributes\\"><label for=\\"budgetAvailableEdit\\">Solde actuel (€)</label><input class=\\"form-control\\" id=\\"budgetAvailableEdit\\" name=\\"available\\" type=\\"number\\" step=\\"0.01\\" value=\\"29\\" aria-describedby=\\"budgetAvailableEditHelp\\"></div></div><div class=\\"modal-footer\\"><button class=\\"btn btn-secondary\\" type=\\"button\\" data-dismiss=\\"modal\\">Cancel</button><button class=\\"btn btn-primary\\" type=\\"submit\\">Edit</button></div></form></div></div></div></div></body><script src=\\"https://code.jquery.com/jquery-3.5.1.slim.min.js\\"></script><script src=\\"https://cdn.jsdelivr.net/npm/popper.js@1.16.1/dist/umd/popper.min.js\\"></script><script src=\\"https://stackpath.bootstrapcdn.com/bootstrap/4.5.2/js/bootstrap.min.js\\"></script><script src=\\"/javascripts/script.js\\"></script></html>"`;
